platform darwin -- Python 3.14.6, pytest-9.1.1, pluggy-1.6.0 -- /Users/ankur/CS543/.venv/bin/python3.14
cachedir: .pytest_cache
rootdir: /Users/ankur/CS543
collected 6 items                                                                                                                                                                  

tests/test_catalogue.py::test_add_item_creates_it PASSED                                                                                                                     [ 16%]
tests/test_catalogue.py::test_same_key_does_not_duplicate PASSED                                                                                                             [ 33%]
tests/test_catalogue.py::test_invalid_price_is_400 PASSED                                                                                                                    [ 50%]
tests/test_catalogue.py::test_unknown_item_is_404 PASSED                                                                                                                     [ 66%]
tests/test_catalogue.py::test_price_exceeds_tier_cap_is_422 PASSED                                                                                                           [ 83%]
tests/test_catalogue.py::test_marking_available_on_inactive_restaurant_is_409 PASSED                                                                                         [100%]

================================================================================ 6 passed in 11.44s ================================================================================
